// Jest Snapshot v1, https://goo.gl/fbAQLP

exports[`home renders correctly 1`] = `
<main
  className="maincont"
>
  <article>
    <h1>
      Welcome to our page!
    </h1>
    <p>
      Lorem ipsum dolor sit amet consectetur adipisicing elit. Earum, consequatur deserunt sed temporibus optio illo dolorum aperiam, repellat ipsum est omnis dolores iure molestiae voluptas perferendis ex officia! Porro, deserunt.
    </p>
    <p>
      Lorem ipsum dolor sit amet consectetur adipisicing elit. Earum, consequatur deserunt sed temporibus optio illo dolorum aperiam, repellat ipsum est omnis dolores iure molestiae voluptas perferendis ex officia! Porro, deserunt.
    </p>
  </article>
</main>
`;
